Turbo Assembler	 Version 4.1	    03/24/14 16:36:57	    Page 1
expr5.ASM



      1					 extrn lirent:proc, ecrent:proc
      2					 extrn ecrbool:proc
      3					 extrn ecrch:proc, ligsuiv:proc
      4	    0000			 .model	SMALL
      5					 .586
      6	    0000			 .CODE
      7	    0000			  debut	:
      8					 STARTUPCODE
1     9	    0000			 @Startup:
1    10	    0000  BA 0000s			 MOV	 DX,@data
1    11	    0003  8E DA				 MOV	 DS,DX
1    12	    0005  8C D3				 MOV	 BX,SS
1    13	    0007  2B DA				 SUB	 BX,DX
1    14	    0009  C1 E3	04			 SHL	 BX,4
1    15	    000C  8E D2				 MOV	 SS,DX
1    16	    000E  03 E3				 ADD	 SP,BX
     17
     18					 ;ouvrePrinc
     19	    0010  8B EC			 mov bp,sp
     20	    0012  83 EC	04		 sub sp,4
     21
     22					 ;iConst
     23	    0015  6A 08			 push word ptr 8
     24
     25					 ;iStore
     26	    0017  58			 pop ax
     27	    0018  89 46	FE		 mov word ptr [bp-2],ax
     28
     29					 ;ecrireChaine
     30	    001B			 .DATA
     31	    0000  63 31	3D 24		 mess0 DB "c1=$"
     32	    0004			 .CODE
     33	    001B  BA 0000r		 lea dx,mess0
     34	    001E  52			 push dx
     35	    001F  E8 0000e		 call ecrch
     36
     37					 ;iLoad
     38	    0022  FF 76	FE		 push word ptr [bp-2]
     39
     40					 ;ecrireEnt
     41	    0025  E8 0000e		 call ecrent
     42
     43					 ;aLaLigne
     44	    0028  E8 0000e		 call ligsuiv
     45
     46					 ;ecrireChaine
     47	    002B			 .DATA
     48	    0004  2D 34	35 3D 24	 mess1 DB "-45=$"
     49	    0009			 .CODE
     50	    002B  BA 0004r		 lea dx,mess1
     51	    002E  52			 push dx
     52	    002F  E8 0000e		 call ecrch
     53
     54					 ;iConst
     55	    0032  6A 02			 push word ptr 2
     56
     57					 ;inot
Turbo Assembler	 Version 4.1	    03/24/14 16:36:57	    Page 2
expr5.ASM



     58	    0034  58			 pop ax
     59	    0035  BB FFFF		 mov bx,-1
     60	    0038  F7 EB			 imul bx
     61	    003A  50			  push ax
     62
     63					 ;iLoad
     64	    003B  FF 76	FE		 push word ptr [bp-2]
     65
     66					 ;imul
     67	    003E  5B			 pop bx
     68	    003F  58			 pop ax
     69	    0040  F7 EB			 imul bx
     70	    0042  50			 push ax
     71
     72					 ;iConst
     73	    0043  6A 03			 push word ptr 3
     74
     75					 ;inot
     76	    0045  58			 pop ax
     77	    0046  BB FFFF		 mov bx,-1
     78	    0049  F7 EB			 imul bx
     79	    004B  50			  push ax
     80
     81					 ;iConst
     82	    004C  6A 04			 push word ptr 4
     83
     84					 ;imul
     85	    004E  5B			 pop bx
     86	    004F  58			 pop ax
     87	    0050  F7 EB			 imul bx
     88	    0052  50			 push ax
     89
     90					 ;iConst
     91	    0053  6A 02			 push word ptr 2
     92
     93					 ;imul
     94	    0055  5B			 pop bx
     95	    0056  58			 pop ax
     96	    0057  F7 EB			 imul bx
     97	    0059  50			 push ax
     98
     99					 ;iadd
    100	    005A  5B			 pop bx
    101	    005B  58			 pop ax
    102	    005C  03 C3			 add ax,bx
    103	    005E  50			 push ax
    104
    105					 ;iConst
    106	    005F  6A 05			 push word ptr 5
    107
    108					 ;isub
    109	    0061  5B			 pop bx
    110	    0062  58			 pop ax
    111	    0063  2B C3			 sub ax,bx
    112	    0065  50			 push ax
    113
    114					 ;ecrireEnt
Turbo Assembler	 Version 4.1	    03/24/14 16:36:57	    Page 3
expr5.ASM



    115	    0066  E8 0000e		 call ecrent
    116
    117					 ;aLaLigne
    118	    0069  E8 0000e		 call ligsuiv
    119
    120					 ;queue
    121	    006C  90			 nop
    122					 EXITCODE
1   123	    006D  B4 4C				 MOV	 AH,4Ch
1   124	    006F  CD 21				 INT	 21h
    125					 End debut
